
============================================================
  ≡ƒº¬ DESIGN REVIEW ENVIRONMENT ΓÇö TEST SUITE v2.0
============================================================

============================================================
  TEST: Design Generation ΓÇö All Domains
============================================================
  Γ£à PASS: bridge_truss/easy: 7 components, 2 flaws
  Γ£à PASS: bridge_truss/medium: 7 components, 3 flaws
  Γ£à PASS: bridge_truss/hard: 9 components, 4 flaws
  Γ£à PASS: pressure_vessel/easy: 7 components, 2 flaws
  Γ£à PASS: pressure_vessel/medium: 7 components, 2 flaws
  Γ£à PASS: pressure_vessel/hard: 7 components, 4 flaws
  Γ£à PASS: gear_assembly/easy: 7 components, 2 flaws
  Γ£à PASS: gear_assembly/medium: 7 components, 2 flaws
  Γ£à PASS: gear_assembly/hard: 7 components, 3 flaws
  Γ£à PASS: building_frame/easy: 6 components, 2 flaws
  Γ£à PASS: building_frame/medium: 6 components, 3 flaws
  Γ£à PASS: building_frame/hard: 6 components, 5 flaws

============================================================
  TEST: Reproducibility with Seeds
============================================================
  Γ£à PASS: Same seed produces same components
  Γ£à PASS: Same seed produces same flaws
  Γ£à PASS: Different seed generates without error

============================================================
  TEST: Physics Engine Calculations
============================================================
  Γ£à PASS: Beam bending stress: 50.0 MPa
  Γ£à PASS: Beam deflection: 2.713 mm
  Γ£à PASS: Buckling load: 11843.53 kN
  Γ£à PASS: Hoop stress: 100.0 MPa
  Γ£à PASS: Weld capacity: 183.25 kN
  Γ£à PASS: Bolt capacity: 469.35 kN
  Γ£à PASS: Gear contact stress: 440.8 MPa
  Γ£à PASS: Safety factor: 1.5

============================================================
  TEST: Full Episode ΓÇö All Action Types
============================================================
  Γ£à PASS: Reset: 7 components available
  Γ£à PASS: Reset: 20 steps remaining
  Γ£à PASS: Inspect top_chord_1: valid
  Γ£à PASS: Inspect returns component data
  Γ£à PASS: Analysis returns results
  Γ£à PASS: Standard check returns results
  Γ£à PASS: Request info returns standards
  Γ£à PASS: Correct flag: accepted
  Γ£à PASS: False positive: detected
  Γ£à PASS: Reject ends episode
  Γ£à PASS: Episode summary generated
  Γ£à PASS: Composite score: 70.7

============================================================
  TEST: Invalid Actions Handling
============================================================
  Γ£à PASS: Invalid component: rejected
  Γ£à PASS: Invalid component: negative reward
  Γ£à PASS: Invalid action type: rejected

============================================================
  TEST: Step Limit Enforcement
============================================================
  Γ£à PASS: Episode ended at step 20
  Γ£à PASS: Episode marked as done

============================================================
  TEST: Grader Multi-Dimensional Scoring
============================================================
  Γ£à PASS: Perfect review score: 98.0
  Γ£à PASS: Perfect precision
  Γ£à PASS: Perfect recall
  Γ£à PASS: Perfect severity accuracy

============================================================
  TEST: Full Episode ΓÇö All Domains
============================================================
  Γ£à PASS: bridge_truss: Episode completes
  Γ£à PASS: pressure_vessel: Episode completes
  Γ£à PASS: gear_assembly: Episode completes
  Γ£à PASS: building_frame: Episode completes


============================================================
  ≡ƒôè TEST SUMMARY
============================================================
  Γ£à PASS: Design Generation
  Γ£à PASS: Reproducibility
  Γ£à PASS: Physics Engine
  Γ£à PASS: Full Episode
  Γ£à PASS: Invalid Actions
  Γ£à PASS: Step Limit
  Γ£à PASS: Grader Scoring
  Γ£à PASS: All Domains Episode

  Result: 8/8 test groups passed
============================================================

